INFO: kbplacer_plugin_action.py:73: Plugin version: 0.19
INFO: kbplacer_plugin_action.py:74: Python version: '3.9.13 (v3.9.13:6de2ca5339, May 17 2022, 11:37:23) \n[Clang 13.0.0 (clang-1300.0.29.30)]'
INFO: kbplacer_plugin_action.py:75: KiCad version: 10.0.2 with 4.2.2a1 osx-cocoa (phoenix) wxWidgets 3.2.8
INFO: kbplacer_dialog.py:799: Language: en
INFO: kbplacer_plugin_action.py:83: GUI state: {"layout_path": "/Users/apishrana/Downloads/keyboard-layout.json", "key_distance": [19.05, 19.05], "key_info": {"annotation_format": "SW{}", "position_option": "Default", "position": {"x": 0.0, "y": 0.0, "orientation": 0.0, "side": "Front"}, "template_path": "", "start_index": 1}, "enable_diode_placement": true, "route_switches_with_diodes": true, "optimize_diodes_orientation": false, "diode_info": {"annotation_format": "D{}", "position_option": "Default", "position": {"x": 5.08, "y": 4.0, "orientation": 90.0, "side": "Back"}, "template_path": "", "start_index": -1}, "additional_elements": [{"annotation_format": "ST{}", "position_option": "Custom", "position": {"x": 0.0, "y": 0.0, "orientation": 0.0, "side": "Front"}, "template_path": "", "start_index": -1}], "route_rows_and_columns": true, "template_path": "", "generate_outline": false, "outline_delta": 0.0, "layout_offset": null}
DEBUG: key_placer.py:153: Switches by nets: defaultdict(<class 'list'>, {frozenset({'/Row 3', '/col 2'}): ['SW12'], frozenset({'/Row 3', '/col 1'}): ['SW11'], frozenset({'/col 0', '/Row 3'}): ['SW10'], frozenset({'/Row 2', '/col 2'}): ['SW9'], frozenset({'/Row 2', '/col 1'}): ['SW8'], frozenset({'/col 0', '/Row 2'}): ['SW7'], frozenset({'/Row 1', '/col 2'}): ['SW6'], frozenset({'/Row 1', '/col 1'}): ['SW5'], frozenset({'/col 0', '/Row 1'}): ['SW4'], frozenset({'/col 2', '/Row 0'}): ['SW3'], frozenset({'/col 1', '/Row 0'}): ['SW2'], frozenset({'/col 0', '/Row 0'}): ['SW1']})
DEBUG: key_placer.py:157: Diodes by switch: {'SW12': ['D12'], 'SW11': ['D11'], 'SW10': ['D10'], 'SW9': ['D9'], 'SW8': ['D8'], 'SW7': ['D7'], 'SW6': ['D6'], 'SW5': ['D5'], 'SW4': ['D4'], 'SW3': ['D3'], 'SW2': ['D2'], 'SW1': ['D1']}
INFO: key_placer.py:785: Using key 1U distance: (19.05, 19.05) mm
INFO: key_placer.py:803: Layout offset: (28575000, 28575000)
DEBUG: kle_serial.py:1131: Layout with: x_ortholinear_keys=9, y_ortholinear_keys=12, rotated_keys=0, encoders=0, iso_enters=0 and unrecognized_shape_keys=0
DEBUG: kle_serial.py:1156: Layout tagged: [<KeyboardTag.ROW_STAGGERED: 2>]
DEBUG: board_modifier.py:119: Setting SW1 footprint position: (38100000, 38100000)
DEBUG: board_modifier.py:119: Setting SW2 footprint position: (57150000, 38100000)
DEBUG: board_modifier.py:119: Setting SW3 footprint position: (76200000, 38100000)
DEBUG: board_modifier.py:119: Setting SW4 footprint position: (38100000, 57150000)
DEBUG: board_modifier.py:119: Setting SW5 footprint position: (57150000, 57150000)
DEBUG: board_modifier.py:119: Setting SW6 footprint position: (76200000, 57150000)
DEBUG: board_modifier.py:119: Setting SW7 footprint position: (38100000, 76200000)
DEBUG: board_modifier.py:119: Setting SW8 footprint position: (57150000, 76200000)
DEBUG: board_modifier.py:119: Setting SW9 footprint position: (76200000, 76200000)
DEBUG: board_modifier.py:119: Setting SW10 footprint position: (100965000, 76200000)
DEBUG: board_modifier.py:119: Setting SW11 footprint position: (120015000, 76200000)
DEBUG: board_modifier.py:119: Setting SW12 footprint position: (139065000, 76200000)
INFO: key_placer.py:1238: Diode info: [ElementInfo(annotation_format='D{}', position_option=<PositionOption.DEFAULT: 'Default'>, position=ElementPosition(x=5.08, y=4.0, orientation=90.0, side=<Side.BACK: 'Back'>), template_path='', start_index=-1)]
DEBUG: board_modifier.py:132: Getting SW1 footprint position: (38100000, 38100000)
DEBUG: board_modifier.py:119: Setting D1 footprint position: (43180000, 42100000)
DEBUG: board_modifier.py:132: Getting SW2 footprint position: (57150000, 38100000)
DEBUG: board_modifier.py:119: Setting D2 footprint position: (62230000, 42100000)
DEBUG: board_modifier.py:132: Getting SW3 footprint position: (76200000, 38100000)
DEBUG: board_modifier.py:119: Setting D3 footprint position: (81280000, 42100000)
DEBUG: board_modifier.py:132: Getting SW4 footprint position: (38100000, 57150000)
DEBUG: board_modifier.py:119: Setting D4 footprint position: (43180000, 61150000)
DEBUG: board_modifier.py:132: Getting SW5 footprint position: (57150000, 57150000)
DEBUG: board_modifier.py:119: Setting D5 footprint position: (62230000, 61150000)
DEBUG: board_modifier.py:132: Getting SW6 footprint position: (76200000, 57150000)
DEBUG: board_modifier.py:119: Setting D6 footprint position: (81280000, 61150000)
DEBUG: board_modifier.py:132: Getting SW7 footprint position: (38100000, 76200000)
DEBUG: board_modifier.py:119: Setting D7 footprint position: (43180000, 80200000)
DEBUG: board_modifier.py:132: Getting SW8 footprint position: (57150000, 76200000)
DEBUG: board_modifier.py:119: Setting D8 footprint position: (62230000, 80200000)
DEBUG: board_modifier.py:132: Getting SW9 footprint position: (76200000, 76200000)
DEBUG: board_modifier.py:119: Setting D9 footprint position: (81280000, 80200000)
DEBUG: board_modifier.py:132: Getting SW10 footprint position: (100965000, 76200000)
DEBUG: board_modifier.py:119: Setting D10 footprint position: (106045000, 80200000)
DEBUG: board_modifier.py:132: Getting SW11 footprint position: (120015000, 76200000)
DEBUG: board_modifier.py:119: Setting D11 footprint position: (125095000, 80200000)
DEBUG: board_modifier.py:132: Getting SW12 footprint position: (139065000, 76200000)
DEBUG: board_modifier.py:119: Setting D12 footprint position: (144145000, 80200000)
INFO: key_placer.py:979: Placing additional elements for SW12
DEBUG: board_modifier.py:132: Getting SW12 footprint position: (139065000, 76200000)
DEBUG: board_modifier.py:84: Searching for optional ST12 footprint in /Users/apishrana/Desktop/micropad/cercuit/Micropad.kicad_pcb
DEBUG: board_modifier.py:89: Footprint not found
INFO: key_placer.py:979: Placing additional elements for SW11
DEBUG: board_modifier.py:132: Getting SW11 footprint position: (120015000, 76200000)
DEBUG: board_modifier.py:84: Searching for optional ST11 footprint in /Users/apishrana/Desktop/micropad/cercuit/Micropad.kicad_pcb
DEBUG: board_modifier.py:89: Footprint not found
INFO: key_placer.py:979: Placing additional elements for SW10
DEBUG: board_modifier.py:132: Getting SW10 footprint position: (100965000, 76200000)
DEBUG: board_modifier.py:84: Searching for optional ST10 footprint in /Users/apishrana/Desktop/micropad/cercuit/Micropad.kicad_pcb
DEBUG: board_modifier.py:89: Footprint not found
INFO: key_placer.py:979: Placing additional elements for SW9
DEBUG: board_modifier.py:132: Getting SW9 footprint position: (76200000, 76200000)
DEBUG: board_modifier.py:84: Searching for optional ST9 footprint in /Users/apishrana/Desktop/micropad/cercuit/Micropad.kicad_pcb
DEBUG: board_modifier.py:89: Footprint not found
INFO: key_placer.py:979: Placing additional elements for SW8
DEBUG: board_modifier.py:132: Getting SW8 footprint position: (57150000, 76200000)
DEBUG: board_modifier.py:84: Searching for optional ST8 footprint in /Users/apishrana/Desktop/micropad/cercuit/Micropad.kicad_pcb
DEBUG: board_modifier.py:89: Footprint not found
INFO: key_placer.py:979: Placing additional elements for SW7
DEBUG: board_modifier.py:132: Getting SW7 footprint position: (38100000, 76200000)
DEBUG: board_modifier.py:84: Searching for optional ST7 footprint in /Users/apishrana/Desktop/micropad/cercuit/Micropad.kicad_pcb
DEBUG: board_modifier.py:89: Footprint not found
INFO: key_placer.py:979: Placing additional elements for SW6
DEBUG: board_modifier.py:132: Getting SW6 footprint position: (76200000, 57150000)
DEBUG: board_modifier.py:84: Searching for optional ST6 footprint in /Users/apishrana/Desktop/micropad/cercuit/Micropad.kicad_pcb
DEBUG: board_modifier.py:89: Footprint not found
INFO: key_placer.py:979: Placing additional elements for SW5
DEBUG: board_modifier.py:132: Getting SW5 footprint position: (57150000, 57150000)
DEBUG: board_modifier.py:84: Searching for optional ST5 footprint in /Users/apishrana/Desktop/micropad/cercuit/Micropad.kicad_pcb
DEBUG: board_modifier.py:89: Footprint not found
INFO: key_placer.py:979: Placing additional elements for SW4
DEBUG: board_modifier.py:132: Getting SW4 footprint position: (38100000, 57150000)
DEBUG: board_modifier.py:84: Searching for optional ST4 footprint in /Users/apishrana/Desktop/micropad/cercuit/Micropad.kicad_pcb
DEBUG: board_modifier.py:89: Footprint not found
INFO: key_placer.py:979: Placing additional elements for SW3
DEBUG: board_modifier.py:132: Getting SW3 footprint position: (76200000, 38100000)
DEBUG: board_modifier.py:84: Searching for optional ST3 footprint in /Users/apishrana/Desktop/micropad/cercuit/Micropad.kicad_pcb
DEBUG: board_modifier.py:89: Footprint not found
INFO: key_placer.py:979: Placing additional elements for SW2
DEBUG: board_modifier.py:132: Getting SW2 footprint position: (57150000, 38100000)
DEBUG: board_modifier.py:84: Searching for optional ST2 footprint in /Users/apishrana/Desktop/micropad/cercuit/Micropad.kicad_pcb
DEBUG: board_modifier.py:89: Footprint not found
INFO: key_placer.py:979: Placing additional elements for SW1
DEBUG: board_modifier.py:132: Getting SW1 footprint position: (38100000, 38100000)
DEBUG: board_modifier.py:84: Searching for optional ST1 footprint in /Users/apishrana/Desktop/micropad/cercuit/Micropad.kicad_pcb
DEBUG: board_modifier.py:89: Footprint not found
INFO: key_placer.py:512: Routing SW12 with D12
INFO: key_placer.py:514: Using internal autorouter method
DEBUG: board_modifier.py:591: Routing at F.Cu layer
DEBUG: board_modifier.py:608: Netclass: Default, track width: 200000
INFO: board_modifier.py:674: Routing pad 'SW12:2' at (132715000, 78740000) with pad 'D12:2' at (144145000, 72580000) using coordinate system rotated by 0 degree(s)
INFO: board_modifier.py:494: Adding track segment (F.Cu): [(132715000, 78740000), (138875000, 72580000)]
INFO: board_modifier.py:494: Adding track segment (F.Cu): [(138875000, 72580000), (144145000, 72580000)]
INFO: key_placer.py:512: Routing SW11 with D11
INFO: key_placer.py:514: Using internal autorouter method
DEBUG: board_modifier.py:591: Routing at F.Cu layer
DEBUG: board_modifier.py:608: Netclass: Default, track width: 200000
INFO: board_modifier.py:674: Routing pad 'SW11:2' at (113665000, 78740000) with pad 'D11:2' at (125095000, 72580000) using coordinate system rotated by 0 degree(s)
INFO: board_modifier.py:494: Adding track segment (F.Cu): [(113665000, 78740000), (119825000, 72580000)]
INFO: board_modifier.py:494: Adding track segment (F.Cu): [(119825000, 72580000), (125095000, 72580000)]
INFO: key_placer.py:512: Routing SW10 with D10
INFO: key_placer.py:514: Using internal autorouter method
DEBUG: board_modifier.py:591: Routing at F.Cu layer
DEBUG: board_modifier.py:608: Netclass: Default, track width: 200000
INFO: board_modifier.py:674: Routing pad 'SW10:2' at (94615000, 78740000) with pad 'D10:2' at (106045000, 72580000) using coordinate system rotated by 0 degree(s)
INFO: board_modifier.py:494: Adding track segment (F.Cu): [(94615000, 78740000), (100775000, 72580000)]
INFO: board_modifier.py:494: Adding track segment (F.Cu): [(100775000, 72580000), (106045000, 72580000)]
INFO: key_placer.py:512: Routing SW9 with D9
INFO: key_placer.py:514: Using internal autorouter method
DEBUG: board_modifier.py:591: Routing at F.Cu layer
DEBUG: board_modifier.py:608: Netclass: Default, track width: 200000
INFO: board_modifier.py:674: Routing pad 'SW9:2' at (69850000, 78740000) with pad 'D9:2' at (81280000, 72580000) using coordinate system rotated by 0 degree(s)
INFO: board_modifier.py:494: Adding track segment (F.Cu): [(69850000, 78740000), (76010000, 72580000)]
INFO: board_modifier.py:494: Adding track segment (F.Cu): [(76010000, 72580000), (81280000, 72580000)]
INFO: key_placer.py:512: Routing SW8 with D8
INFO: key_placer.py:514: Using internal autorouter method
DEBUG: board_modifier.py:591: Routing at F.Cu layer
DEBUG: board_modifier.py:608: Netclass: Default, track width: 200000
INFO: board_modifier.py:674: Routing pad 'SW8:2' at (50800000, 78740000) with pad 'D8:2' at (62230000, 72580000) using coordinate system rotated by 0 degree(s)
INFO: board_modifier.py:494: Adding track segment (F.Cu): [(50800000, 78740000), (56960000, 72580000)]
INFO: board_modifier.py:494: Adding track segment (F.Cu): [(56960000, 72580000), (62230000, 72580000)]
INFO: key_placer.py:512: Routing SW7 with D7
INFO: key_placer.py:514: Using internal autorouter method
DEBUG: board_modifier.py:591: Routing at F.Cu layer
DEBUG: board_modifier.py:608: Netclass: Default, track width: 200000
INFO: board_modifier.py:674: Routing pad 'SW7:2' at (31750000, 78740000) with pad 'D7:2' at (43180000, 72580000) using coordinate system rotated by 0 degree(s)
INFO: board_modifier.py:494: Adding track segment (F.Cu): [(31750000, 78740000), (37910000, 72580000)]
INFO: board_modifier.py:494: Adding track segment (F.Cu): [(37910000, 72580000), (43180000, 72580000)]
INFO: key_placer.py:512: Routing SW6 with D6
INFO: key_placer.py:514: Using internal autorouter method
DEBUG: board_modifier.py:591: Routing at F.Cu layer
DEBUG: board_modifier.py:608: Netclass: Default, track width: 200000
INFO: board_modifier.py:674: Routing pad 'SW6:2' at (69850000, 59690000) with pad 'D6:2' at (81280000, 53530000) using coordinate system rotated by 0 degree(s)
INFO: board_modifier.py:494: Adding track segment (F.Cu): [(69850000, 59690000), (76010000, 53530000)]
INFO: board_modifier.py:494: Adding track segment (F.Cu): [(76010000, 53530000), (81280000, 53530000)]
INFO: key_placer.py:512: Routing SW5 with D5
INFO: key_placer.py:514: Using internal autorouter method
DEBUG: board_modifier.py:591: Routing at F.Cu layer
DEBUG: board_modifier.py:608: Netclass: Default, track width: 200000
INFO: board_modifier.py:674: Routing pad 'SW5:2' at (50800000, 59690000) with pad 'D5:2' at (62230000, 53530000) using coordinate system rotated by 0 degree(s)
INFO: board_modifier.py:494: Adding track segment (F.Cu): [(50800000, 59690000), (56960000, 53530000)]
INFO: board_modifier.py:494: Adding track segment (F.Cu): [(56960000, 53530000), (62230000, 53530000)]
INFO: key_placer.py:512: Routing SW4 with D4
INFO: key_placer.py:514: Using internal autorouter method
DEBUG: board_modifier.py:591: Routing at F.Cu layer
DEBUG: board_modifier.py:608: Netclass: Default, track width: 200000
INFO: board_modifier.py:674: Routing pad 'SW4:2' at (31750000, 59690000) with pad 'D4:2' at (43180000, 53530000) using coordinate system rotated by 0 degree(s)
INFO: board_modifier.py:494: Adding track segment (F.Cu): [(31750000, 59690000), (37910000, 53530000)]
INFO: board_modifier.py:494: Adding track segment (F.Cu): [(37910000, 53530000), (43180000, 53530000)]
INFO: key_placer.py:512: Routing SW3 with D3
INFO: key_placer.py:514: Using internal autorouter method
DEBUG: board_modifier.py:591: Routing at F.Cu layer
DEBUG: board_modifier.py:608: Netclass: Default, track width: 200000
INFO: board_modifier.py:674: Routing pad 'SW3:2' at (69850000, 40640000) with pad 'D3:2' at (81280000, 34480000) using coordinate system rotated by 0 degree(s)
INFO: board_modifier.py:494: Adding track segment (F.Cu): [(69850000, 40640000), (76010000, 34480000)]
INFO: board_modifier.py:494: Adding track segment (F.Cu): [(76010000, 34480000), (81280000, 34480000)]
INFO: key_placer.py:512: Routing SW2 with D2
INFO: key_placer.py:514: Using internal autorouter method
DEBUG: board_modifier.py:591: Routing at F.Cu layer
DEBUG: board_modifier.py:608: Netclass: Default, track width: 200000
INFO: board_modifier.py:674: Routing pad 'SW2:2' at (50800000, 40640000) with pad 'D2:2' at (62230000, 34480000) using coordinate system rotated by 0 degree(s)
INFO: board_modifier.py:494: Adding track segment (F.Cu): [(50800000, 40640000), (56960000, 34480000)]
INFO: board_modifier.py:494: Adding track segment (F.Cu): [(56960000, 34480000), (62230000, 34480000)]
INFO: key_placer.py:512: Routing SW1 with D1
INFO: key_placer.py:514: Using internal autorouter method
DEBUG: board_modifier.py:591: Routing at F.Cu layer
DEBUG: board_modifier.py:608: Netclass: Default, track width: 200000
INFO: board_modifier.py:674: Routing pad 'SW1:2' at (31750000, 40640000) with pad 'D1:2' at (43180000, 34480000) using coordinate system rotated by 0 degree(s)
INFO: board_modifier.py:494: Adding track segment (F.Cu): [(31750000, 40640000), (37910000, 34480000)]
INFO: board_modifier.py:494: Adding track segment (F.Cu): [(37910000, 34480000), (43180000, 34480000)]
INFO: key_placer.py:1035: Routing /col 2 pads
DEBUG: board_modifier.py:591: Routing at F.Cu layer
DEBUG: board_modifier.py:608: Netclass: Default, track width: 200000
INFO: board_modifier.py:674: Routing pad 'SW3:1' at (76200000, 38100000) with pad 'SW6:1' at (76200000, 57150000) using coordinate system rotated by 0 degree(s)
INFO: board_modifier.py:494: Adding track segment (F.Cu): [(76200000, 38100000), (76200000, 57150000)]
INFO: board_modifier.py:503: Could not add track segment due to detected collision
DEBUG: board_modifier.py:591: Routing at F.Cu layer
DEBUG: board_modifier.py:608: Netclass: Default, track width: 200000
INFO: board_modifier.py:674: Routing pad 'SW6:1' at (76200000, 57150000) with pad 'SW9:1' at (76200000, 76200000) using coordinate system rotated by 0 degree(s)
INFO: board_modifier.py:494: Adding track segment (F.Cu): [(76200000, 57150000), (76200000, 76200000)]
INFO: board_modifier.py:503: Could not add track segment due to detected collision
DEBUG: board_modifier.py:591: Routing at F.Cu layer
DEBUG: board_modifier.py:608: Netclass: Default, track width: 200000
INFO: board_modifier.py:674: Routing pad 'SW9:1' at (76200000, 76200000) with pad 'SW12:1' at (139065000, 76200000) using coordinate system rotated by 0 degree(s)
INFO: board_modifier.py:494: Adding track segment (F.Cu): [(76200000, 76200000), (139065000, 76200000)]
INFO: board_modifier.py:503: Could not add track segment due to detected collision
INFO: key_placer.py:1035: Routing /col 0 pads
DEBUG: board_modifier.py:591: Routing at F.Cu layer
DEBUG: board_modifier.py:608: Netclass: Default, track width: 200000
INFO: board_modifier.py:674: Routing pad 'SW1:1' at (38100000, 38100000) with pad 'SW4:1' at (38100000, 57150000) using coordinate system rotated by 0 degree(s)
INFO: board_modifier.py:494: Adding track segment (F.Cu): [(38100000, 38100000), (38100000, 57150000)]
INFO: board_modifier.py:503: Could not add track segment due to detected collision
DEBUG: board_modifier.py:591: Routing at F.Cu layer
DEBUG: board_modifier.py:608: Netclass: Default, track width: 200000
INFO: board_modifier.py:674: Routing pad 'SW4:1' at (38100000, 57150000) with pad 'SW7:1' at (38100000, 76200000) using coordinate system rotated by 0 degree(s)
INFO: board_modifier.py:494: Adding track segment (F.Cu): [(38100000, 57150000), (38100000, 76200000)]
INFO: board_modifier.py:503: Could not add track segment due to detected collision
DEBUG: board_modifier.py:591: Routing at F.Cu layer
DEBUG: board_modifier.py:608: Netclass: Default, track width: 200000
INFO: board_modifier.py:674: Routing pad 'SW7:1' at (38100000, 76200000) with pad 'SW10:1' at (100965000, 76200000) using coordinate system rotated by 0 degree(s)
INFO: board_modifier.py:494: Adding track segment (F.Cu): [(38100000, 76200000), (100965000, 76200000)]
INFO: board_modifier.py:503: Could not add track segment due to detected collision
INFO: key_placer.py:1035: Routing /Row 1 pads
DEBUG: board_modifier.py:591: Routing at F.Cu layer
DEBUG: board_modifier.py:608: Netclass: Default, track width: 200000
INFO: board_modifier.py:674: Routing pad 'D4:1' at (43180000, 61150000) with pad 'D5:1' at (62230000, 61150000) using coordinate system rotated by 0 degree(s)
INFO: board_modifier.py:494: Adding track segment (F.Cu): [(43180000, 61150000), (62230000, 61150000)]
INFO: board_modifier.py:503: Could not add track segment due to detected collision
DEBUG: board_modifier.py:591: Routing at F.Cu layer
DEBUG: board_modifier.py:608: Netclass: Default, track width: 200000
INFO: board_modifier.py:674: Routing pad 'D5:1' at (62230000, 61150000) with pad 'D6:1' at (81280000, 61150000) using coordinate system rotated by 0 degree(s)
INFO: board_modifier.py:494: Adding track segment (F.Cu): [(62230000, 61150000), (81280000, 61150000)]
INFO: board_modifier.py:503: Could not add track segment due to detected collision
INFO: key_placer.py:1035: Routing /col 1 pads
DEBUG: board_modifier.py:591: Routing at F.Cu layer
DEBUG: board_modifier.py:608: Netclass: Default, track width: 200000
INFO: board_modifier.py:674: Routing pad 'SW2:1' at (57150000, 38100000) with pad 'SW5:1' at (57150000, 57150000) using coordinate system rotated by 0 degree(s)
INFO: board_modifier.py:494: Adding track segment (F.Cu): [(57150000, 38100000), (57150000, 57150000)]
INFO: board_modifier.py:503: Could not add track segment due to detected collision
DEBUG: board_modifier.py:591: Routing at F.Cu layer
DEBUG: board_modifier.py:608: Netclass: Default, track width: 200000
INFO: board_modifier.py:674: Routing pad 'SW5:1' at (57150000, 57150000) with pad 'SW8:1' at (57150000, 76200000) using coordinate system rotated by 0 degree(s)
INFO: board_modifier.py:494: Adding track segment (F.Cu): [(57150000, 57150000), (57150000, 76200000)]
INFO: board_modifier.py:503: Could not add track segment due to detected collision
DEBUG: board_modifier.py:591: Routing at F.Cu layer
DEBUG: board_modifier.py:608: Netclass: Default, track width: 200000
INFO: board_modifier.py:674: Routing pad 'SW8:1' at (57150000, 76200000) with pad 'SW11:1' at (120015000, 76200000) using coordinate system rotated by 0 degree(s)
INFO: board_modifier.py:494: Adding track segment (F.Cu): [(57150000, 76200000), (120015000, 76200000)]
INFO: board_modifier.py:503: Could not add track segment due to detected collision
INFO: key_placer.py:1035: Routing /Row 2 pads
DEBUG: board_modifier.py:591: Routing at F.Cu layer
DEBUG: board_modifier.py:608: Netclass: Default, track width: 200000
INFO: board_modifier.py:674: Routing pad 'D7:1' at (43180000, 80200000) with pad 'D8:1' at (62230000, 80200000) using coordinate system rotated by 0 degree(s)
INFO: board_modifier.py:494: Adding track segment (F.Cu): [(43180000, 80200000), (62230000, 80200000)]
INFO: board_modifier.py:503: Could not add track segment due to detected collision
DEBUG: board_modifier.py:591: Routing at F.Cu layer
DEBUG: board_modifier.py:608: Netclass: Default, track width: 200000
INFO: board_modifier.py:674: Routing pad 'D8:1' at (62230000, 80200000) with pad 'D9:1' at (81280000, 80200000) using coordinate system rotated by 0 degree(s)
INFO: board_modifier.py:494: Adding track segment (F.Cu): [(62230000, 80200000), (81280000, 80200000)]
INFO: board_modifier.py:503: Could not add track segment due to detected collision
INFO: key_placer.py:1035: Routing /Row 3 pads
DEBUG: board_modifier.py:591: Routing at F.Cu layer
DEBUG: board_modifier.py:608: Netclass: Default, track width: 200000
INFO: board_modifier.py:674: Routing pad 'D10:1' at (106045000, 80200000) with pad 'D11:1' at (125095000, 80200000) using coordinate system rotated by 0 degree(s)
INFO: board_modifier.py:494: Adding track segment (F.Cu): [(106045000, 80200000), (125095000, 80200000)]
INFO: board_modifier.py:503: Could not add track segment due to detected collision
DEBUG: board_modifier.py:591: Routing at F.Cu layer
DEBUG: board_modifier.py:608: Netclass: Default, track width: 200000
INFO: board_modifier.py:674: Routing pad 'D11:1' at (125095000, 80200000) with pad 'D12:1' at (144145000, 80200000) using coordinate system rotated by 0 degree(s)
INFO: board_modifier.py:494: Adding track segment (F.Cu): [(125095000, 80200000), (144145000, 80200000)]
INFO: board_modifier.py:503: Could not add track segment due to detected collision
INFO: key_placer.py:1035: Routing /Row 0 pads
DEBUG: board_modifier.py:591: Routing at F.Cu layer
DEBUG: board_modifier.py:608: Netclass: Default, track width: 200000
INFO: board_modifier.py:674: Routing pad 'D1:1' at (43180000, 42100000) with pad 'D2:1' at (62230000, 42100000) using coordinate system rotated by 0 degree(s)
INFO: board_modifier.py:494: Adding track segment (F.Cu): [(43180000, 42100000), (62230000, 42100000)]
INFO: board_modifier.py:503: Could not add track segment due to detected collision
DEBUG: board_modifier.py:591: Routing at F.Cu layer
DEBUG: board_modifier.py:608: Netclass: Default, track width: 200000
INFO: board_modifier.py:674: Routing pad 'D2:1' at (62230000, 42100000) with pad 'D3:1' at (81280000, 42100000) using coordinate system rotated by 0 degree(s)
INFO: board_modifier.py:494: Adding track segment (F.Cu): [(62230000, 42100000), (81280000, 42100000)]
INFO: board_modifier.py:503: Could not add track segment due to detected collision
INFO: key_placer.py:546: Removing dangling tracks
